// Jest Snapshot v1, https://goo.gl/fbAQLP

exports[`EditMessage component renders correctly 1`] = `
ShallowWrapper {
  Symbol(enzyme.__root__): [Circular],
  Symbol(enzyme.__unrendered__): <Unknown
    match={
      Object {
        "params": Object {
          "messageId": [MockFunction],
        },
      }
    }
    store={
      Object {
        "messages": Object {
          "RN": [MockFunction],
          "TM": "DCA",
          "created": [MockFunction],
        },
      }
    }
  />,
  Symbol(enzyme.__renderer__): Object {
    "batchedUpdates": [Function],
    "checkPropTypes": [Function],
    "getNode": [Function],
    "render": [Function],
    "simulateError": [Function],
    "simulateEvent": [Function],
    "unmount": [Function],
  },
  Symbol(enzyme.__node__): Object {
    "instance": null,
    "key": undefined,
    "nodeType": "function",
    "props": Object {
      "match": Object {
        "params": Object {
          "messageId": [MockFunction],
        },
      },
      "store": Object {
        "messages": Object {
          "RN": [MockFunction],
          "TM": "DCA",
          "created": [MockFunction],
        },
      },
    },
    "ref": null,
    "rendered": null,
    "type": [Function],
  },
  Symbol(enzyme.__nodes__): Array [
    Object {
      "instance": null,
      "key": undefined,
      "nodeType": "function",
      "props": Object {
        "match": Object {
          "params": Object {
            "messageId": [MockFunction],
          },
        },
        "store": Object {
          "messages": Object {
            "RN": [MockFunction],
            "TM": "DCA",
            "created": [MockFunction],
          },
        },
      },
      "ref": null,
      "rendered": null,
      "type": [Function],
    },
  ],
  Symbol(enzyme.__options__): Object {
    "adapter": ReactSixteenAdapter {
      "options": Object {
        "enableComponentDidUpdateOnSetState": true,
        "legacyContextMode": "parent",
        "lifecycles": Object {
          "componentDidUpdate": Object {
            "onSetState": true,
          },
          "getChildContext": Object {
            "calledByRenderer": false,
          },
          "getDerivedStateFromProps": true,
          "getSnapshotBeforeUpdate": true,
          "setState": Object {
            "skipsComponentDidUpdateOnNullish": true,
          },
        },
      },
    },
  },
}
`;
